app/api/workers/ingest/conversion/route.ts(1,40): error TS2307: Cannot find module '@/lib/qstash/require-signature' or its corresponding type declarations.
app/api/workers/ingest/conversion/route.ts(2,31): error TS2307: Cannot find module '@/lib/ingest/worker-kernel' or its corresponding type declarations.
app/api/workers/ingest/telemetry/route.ts(1,40): error TS2307: Cannot find module '@/lib/qstash/require-signature' or its corresponding type declarations.
app/api/workers/ingest/telemetry/route.ts(2,31): error TS2307: Cannot find module '@/lib/ingest/worker-kernel' or its corresponding type declarations.
lib/ingest/publish.ts(1,24): error TS2307: Cannot find module '@/lib/qstash/client' or its corresponding type declarations.
lib/ingest/worker-kernel.ts(3,29): error TS2307: Cannot find module '@/lib/supabase/admin' or its corresponding type declarations.
lib/ingest/worker-kernel.ts(4,26): error TS2307: Cannot find module '@/lib/logging/logger' or its corresponding type declarations.
lib/ingest/worker-kernel.ts(5,51): error TS2307: Cannot find module '@/lib/types/ingest' or its corresponding type declarations.
lib/ingest/worker-kernel.ts(6,29): error TS2307: Cannot find module '@/lib/services/site-service' or its corresponding type declarations.
lib/ingest/worker-kernel.ts(7,30): error TS2307: Cannot find module '@/lib/ingest/sync-gates' or its corresponding type declarations.
lib/ingest/worker-kernel.ts(8,73): error TS2307: Cannot find module '@/lib/ingest/process-sync-event' or its corresponding type declarations.
lib/ingest/worker-kernel.ts(9,37): error TS2307: Cannot find module '@/lib/ingest/site-ingest-config' or its corresponding type declarations.
lib/ingest/worker-kernel.ts(10,67): error TS2307: Cannot find module '@/lib/ingest/bot-referrer-gates' or its corresponding type declarations.
lib/ingest/worker-kernel.ts(11,29): error TS2307: Cannot find module '@/lib/types/ingest' or its corresponding type declarations.
lib/ingest/worker-kernel.ts(17,8): error TS2307: Cannot find module '@/lib/idempotency' or its corresponding type declarations.
lib/ingest/worker-kernel.ts(18,51): error TS2307: Cannot find module '@/lib/services/fraud-quarantine-service' or its corresponding type declarations.
lib/ingest/worker-kernel.ts(19,42): error TS2307: Cannot find module '@/lib/ingest/call-event-worker-payload' or its corresponding type declarations.
lib/ingest/worker-kernel.ts(20,34): error TS2307: Cannot find module '@/lib/ingest/process-call-event' or its corresponding type declarations.
lib/ingest/worker-kernel.ts(21,47): error TS2307: Cannot find module '@/lib/billing-metrics' or its corresponding type declarations.
lib/ingest/worker-kernel.ts(22,37): error TS2307: Cannot find module '@/lib/quota' or its corresponding type declarations.
lib/ingest/worker-kernel.ts(23,40): error TS2307: Cannot find module '@/lib/quota' or its corresponding type declarations.
lib/ingest/worker-kernel.ts(67,38): error TS2339: Property 'kind' does not exist on type 'unknown'.
lib/ingest/worker-kernel.ts(68,55): error TS2307: Cannot find module '@/lib/oci/process-single-oci-export' or its corresponding type declarations.
lib/ingest/worker-kernel.ts(69,66): error TS2339: Property 'queue_id' does not exist on type 'unknown'.
lib/ingest/worker-kernel.ts(69,92): error TS2339: Property 'site_id' does not exist on type 'unknown'.
lib/ingest/worker-kernel.ts(77,26): error TS2339: Property 'site_id' does not exist on type 'unknown'.
lib/ingest/worker-kernel.ts(124,45): error TS2307: Cannot find module '@/lib/types/ingest' or its corresponding type declarations.
lib/ingest/worker-kernel.ts(228,69): error TS2339: Property 'ingest_id' does not exist on type 'unknown'.
lib/ingest/worker-kernel.ts(228,102): error TS2339: Property 'ingest_id' does not exist on type 'unknown'.
lib/oci/enqueue-seal-conversion.ts(11,36): error TS2307: Cannot find module '@/lib/supabase/tenant-client' or its corresponding type declarations.
lib/oci/enqueue-seal-conversion.ts(12,29): error TS2307: Cannot find module '@/lib/supabase/admin' or its corresponding type declarations.
lib/oci/enqueue-seal-conversion.ts(13,34): error TS2307: Cannot find module '@/lib/conversation/primary-source' or its corresponding type declarations.
lib/oci/enqueue-seal-conversion.ts(14,47): error TS2307: Cannot find module '@/lib/oci/identity-stitcher' or its corresponding type declarations.
lib/oci/enqueue-seal-conversion.ts(15,44): error TS2307: Cannot find module '@/lib/gdpr/consent-check' or its corresponding type declarations.
lib/oci/enqueue-seal-conversion.ts(16,34): error TS2307: Cannot find module '@/lib/logging/logger' or its corresponding type declarations.
lib/oci/enqueue-seal-conversion.ts(17,56): error TS2307: Cannot find module '@/lib/oci/oci-config' or its corresponding type declarations.
lib/oci/enqueue-seal-conversion.ts(18,52): error TS2307: Cannot find module '@/lib/oci/external-id' or its corresponding type declarations.
lib/oci/enqueue-seal-conversion.ts(19,39): error TS2307: Cannot find module '@/lib/domain/mizan-mantik/causal-dna' or its corresponding type declarations.
lib/oci/enqueue-seal-conversion.ts(20,43): error TS2307: Cannot find module '@/lib/domain/mizan-mantik/gears/shared' or its corresponding type declarations.
lib/oci/enqueue-seal-conversion.ts(21,39): error TS2307: Cannot find module '@/lib/oci/occurred-at' or its corresponding type declarations.
lib/oci/enqueue-seal-conversion.ts(22,35): error TS2307: Cannot find module '@/lib/domain/funnel-kernel/ledger-writer' or its corresponding type declarations.
lib/oci/enqueue-seal-conversion.ts(23,33): error TS2307: Cannot find module '@/lib/ingest/publish' or its corresponding type declarations.
lib/oci/enqueue-seal-conversion.ts(109,57): error TS2307: Cannot find module '@/lib/utils/temporal-sanity' or its corresponding type declarations.
lib/oci/process-single-oci-export.ts(1,29): error TS2307: Cannot find module '@/lib/supabase/admin' or its corresponding type declarations.
lib/oci/process-single-oci-export.ts(2,36): error TS2307: Cannot find module '@/lib/supabase/tenant-client' or its corresponding type declarations.
lib/oci/process-single-oci-export.ts(3,29): error TS2307: Cannot find module '@/lib/providers/registry' or its corresponding type declarations.
lib/oci/process-single-oci-export.ts(4,56): error TS2307: Cannot find module '@/lib/cron/process-offline-conversions' or its corresponding type declarations.
lib/oci/process-single-oci-export.ts(5,44): error TS2307: Cannot find module '@/lib/logging/logger' or its corresponding type declarations.
lib/oci/process-single-oci-export.ts(6,50): error TS2307: Cannot find module '@/lib/oci/queue-transition-ledger' or its corresponding type declarations.
lib/oci/process-single-oci-export.ts(9,30): error TS2307: Cannot find module '@/lib/security/vault' or its corresponding type declarations.
node_modules/next/dist/build/webpack/loaders/next-app-loader/index.d.ts(1,13): error TS2613: Module '"next/dist/compiled/webpack/webpack"' has no default export. Did you mean to use 'import { webpack } from "next/dist/compiled/webpack/webpack"' instead?
node_modules/next/dist/client/components/error-boundary.d.ts(1,8): error TS1259: Module '"C:/Users/serka/OneDrive/Desktop/project/opsmantik-v1/node_modules/@types/react/index"' can only be default-imported using the 'esModuleInterop' flag
node_modules/next/dist/client/components/http-access-fallback/error-boundary.d.ts(11,8): error TS1259: Module '"C:/Users/serka/OneDrive/Desktop/project/opsmantik-v1/node_modules/@types/react/index"' can only be default-imported using the 'esModuleInterop' flag
node_modules/next/dist/client/components/layout-router.d.ts(2,8): error TS1259: Module '"C:/Users/serka/OneDrive/Desktop/project/opsmantik-v1/node_modules/@types/react/index"' can only be default-imported using the 'esModuleInterop' flag
node_modules/next/dist/client/image-component.d.ts(1,8): error TS1259: Module '"C:/Users/serka/OneDrive/Desktop/project/opsmantik-v1/node_modules/@types/react/index"' can only be default-imported using the 'esModuleInterop' flag
node_modules/next/dist/client/link.d.ts(1,8): error TS1259: Module '"C:/Users/serka/OneDrive/Desktop/project/opsmantik-v1/node_modules/@types/react/index"' can only be default-imported using the 'esModuleInterop' flag
node_modules/next/dist/client/script.d.ts(1,8): error TS1259: Module '"C:/Users/serka/OneDrive/Desktop/project/opsmantik-v1/node_modules/@types/react/index"' can only be default-imported using the 'esModuleInterop' flag
node_modules/next/dist/client/with-router.d.ts(1,8): error TS1259: Module '"C:/Users/serka/OneDrive/Desktop/project/opsmantik-v1/node_modules/@types/react/index"' can only be default-imported using the 'esModuleInterop' flag
node_modules/next/dist/lib/metadata/metadata.d.ts(1,8): error TS1259: Module '"C:/Users/serka/OneDrive/Desktop/project/opsmantik-v1/node_modules/@types/react/index"' can only be default-imported using the 'esModuleInterop' flag
node_modules/next/dist/next-devtools/userspace/pages/pages-dev-overlay-setup.d.ts(1,8): error TS1259: Module '"C:/Users/serka/OneDrive/Desktop/project/opsmantik-v1/node_modules/@types/react/index"' can only be default-imported using the 'esModuleInterop' flag
node_modules/next/dist/pages/_app.d.ts(1,8): error TS1259: Module '"C:/Users/serka/OneDrive/Desktop/project/opsmantik-v1/node_modules/@types/react/index"' can only be default-imported using the 'esModuleInterop' flag
node_modules/next/dist/pages/_document.d.ts(1,8): error TS1259: Module '"C:/Users/serka/OneDrive/Desktop/project/opsmantik-v1/node_modules/@types/react/index"' can only be default-imported using the 'esModuleInterop' flag
node_modules/next/dist/pages/_error.d.ts(1,8): error TS1259: Module '"C:/Users/serka/OneDrive/Desktop/project/opsmantik-v1/node_modules/@types/react/index"' can only be default-imported using the 'esModuleInterop' flag
node_modules/next/dist/server/app-render/types.d.ts(10,8): error TS1192: Module '"next/dist/compiled/superstruct"' has no default export.
node_modules/next/dist/server/web/spec-extension/adapters/headers.d.ts(39,16): error TS2304: Cannot find name 'HeadersIterator'.
node_modules/next/dist/server/web/spec-extension/adapters/headers.d.ts(40,13): error TS2304: Cannot find name 'HeadersIterator'.
node_modules/next/dist/server/web/spec-extension/adapters/headers.d.ts(41,15): error TS2304: Cannot find name 'HeadersIterator'.
node_modules/next/dist/server/web/spec-extension/adapters/headers.d.ts(42,26): error TS2304: Cannot find name 'HeadersIterator'.
node_modules/next/dist/shared/lib/app-router-context.shared-runtime.d.ts(4,8): error TS1259: Module '"C:/Users/serka/OneDrive/Desktop/project/opsmantik-v1/node_modules/@types/react/index"' can only be default-imported using the 'esModuleInterop' flag
node_modules/next/dist/shared/lib/app-router-types.d.ts(7,13): error TS1259: Module '"C:/Users/serka/OneDrive/Desktop/project/opsmantik-v1/node_modules/@types/react/index"' can only be default-imported using the 'esModuleInterop' flag
node_modules/next/dist/shared/lib/dynamic.d.ts(1,8): error TS1259: Module '"C:/Users/serka/OneDrive/Desktop/project/opsmantik-v1/node_modules/@types/react/index"' can only be default-imported using the 'esModuleInterop' flag
node_modules/next/dist/shared/lib/head-manager-context.shared-runtime.d.ts(1,8): error TS1259: Module '"C:/Users/serka/OneDrive/Desktop/project/opsmantik-v1/node_modules/@types/react/index"' can only be default-imported using the 'esModuleInterop' flag
node_modules/next/dist/shared/lib/head.d.ts(1,8): error TS1259: Module '"C:/Users/serka/OneDrive/Desktop/project/opsmantik-v1/node_modules/@types/react/index"' can only be default-imported using the 'esModuleInterop' flag
node_modules/next/dist/shared/lib/image-config-context.shared-runtime.d.ts(1,8): error TS1259: Module '"C:/Users/serka/OneDrive/Desktop/project/opsmantik-v1/node_modules/@types/react/index"' can only be default-imported using the 'esModuleInterop' flag
node_modules/next/dist/shared/lib/loadable-context.shared-runtime.d.ts(1,8): error TS1259: Module '"C:/Users/serka/OneDrive/Desktop/project/opsmantik-v1/node_modules/@types/react/index"' can only be default-imported using the 'esModuleInterop' flag
node_modules/next/dist/shared/lib/loadable.shared-runtime.d.ts(21,8): error TS1259: Module '"C:/Users/serka/OneDrive/Desktop/project/opsmantik-v1/node_modules/@types/react/index"' can only be default-imported using the 'esModuleInterop' flag
node_modules/next/dist/shared/lib/router-context.shared-runtime.d.ts(1,8): error TS1259: Module '"C:/Users/serka/OneDrive/Desktop/project/opsmantik-v1/node_modules/@types/react/index"' can only be default-imported using the 'esModuleInterop' flag
node_modules/next/dist/shared/lib/server-inserted-html.shared-runtime.d.ts(1,8): error TS1259: Module '"C:/Users/serka/OneDrive/Desktop/project/opsmantik-v1/node_modules/@types/react/index"' can only be default-imported using the 'esModuleInterop' flag
node_modules/next/dist/shared/lib/utils.d.ts(10,13): error TS1192: Module '"fs"' has no default export.
node_modules/next/dist/styled-jsx/types/global.d.ts(1,8): error TS1259: Module '"C:/Users/serka/OneDrive/Desktop/project/opsmantik-v1/node_modules/@types/react/index"' can only be default-imported using the 'esModuleInterop' flag
node_modules/unplugin/dist/index.d.ts(1,40): error TS2305: Module '"rollup"' has no exported member 'AcornNode'.
node_modules/unplugin/dist/index.d.ts(3,49): error TS2307: Cannot find module 'webpack' or its corresponding type declarations.
node_modules/unplugin/dist/index.d.ts(4,45): error TS2307: Cannot find module 'webpack' or its corresponding type declarations.
node_modules/unplugin/dist/index.d.ts(5,36): error TS2307: Cannot find module 'vite' or its corresponding type declarations.
node_modules/unplugin/dist/index.d.ts(6,38): error TS2307: Cannot find module 'vite' or its corresponding type declarations.
node_modules/unplugin/dist/index.d.ts(9,8): error TS1259: Module '"C:/Users/serka/OneDrive/Desktop/project/opsmantik-v1/node_modules/webpack-virtual-modules/lib/index"' can only be default-imported using the 'esModuleInterop' flag
node_modules/webpack-virtual-modules/lib/index.d.ts(1,31): error TS2307: Cannot find module 'webpack' or its corresponding type declarations.
